// Jest Snapshot v1, https://goo.gl/fbAQLP

exports[`<Text /> match snapshot 1`] = `
<div
  dir="auto"
  style={
    Object {
      "borderBottomWidth": "0px",
      "borderLeftWidth": "0px",
      "borderRightWidth": "0px",
      "borderTopWidth": "0px",
      "boxSizing": "border-box",
      "color": "inherit",
      "display": "inline",
      "fontFamily": "system-ui, -apple-system, BlinkMacSystemFont, \\"Segoe UI\\", Roboto, Ubuntu, \\"Helvetica Neue\\", sans-serif",
      "fontSize": "16px",
      "fontStyle": "inherit",
      "fontVariant": "inherit",
      "fontWeight": "inherit",
      "lineHeight": "inherit",
      "marginBottom": "0px",
      "marginLeft": "0px",
      "marginRight": "0px",
      "marginTop": "0px",
      "paddingBottom": "0px",
      "paddingLeft": "0px",
      "paddingRight": "0px",
      "paddingTop": "0px",
      "textDecoration": "none",
      "whiteSpace": "pre-wrap",
      "wordWrap": "break-word",
    }
  }
/>
`;
